---
source: crates/es-fluent-derive/src/macros/derive_es_fluent/mod.rs
expression: struct_tokens
---
impl ::es_fluent::FluentMessage for User {
    fn to_fluent_string_with(
        &self,
        localize: &mut ::es_fluent::FluentMessageLookup<'_>,
    ) -> String {
        {
            let mut args = ::es_fluent::FluentArgs::new();
            {
                use ::es_fluent::__private::IntoFluentArgumentValue as _;
                args.insert(
                    ::es_fluent::registry::__macro::static_argument_name("id"),
                    (::es_fluent::__private::FluentBorrowedArgumentValue::new(
                        &(self.id),
                    ))
                        .into_fluent_argument_value(localize),
                );
            }
            localize(
                ::es_fluent::registry::StaticFluentDomain::from_package_name(
                    env!("CARGO_PKG_NAME"),
                ),
                ::es_fluent::registry::__macro::static_entry_id("user"),
                Some(&args),
            )
        }
    }
}
#[doc(hidden)]
#[allow(non_snake_case)]
mod __es_fluent_inventory_User {
    use super::*;
    static VARIANTS: &[::es_fluent::registry::FtlVariant] = &[
        ::es_fluent::registry::__macro::ftl_variant(
            "User",
            ::es_fluent::registry::__macro::static_entry_id("user"),
            &[::es_fluent::registry::__macro::static_argument_name("id")],
            module_path!(),
            line!(),
        ),
    ];
    static TYPE_INFO: ::es_fluent::registry::FtlTypeInfo = ::es_fluent::registry::__macro::ftl_type_info(
        ::es_fluent::meta::TypeKind::Struct,
        "User",
        VARIANTS,
        file!(),
        module_path!(),
        None,
    );
    ::es_fluent::__inventory::submit!(
        ::es_fluent::registry::RegisteredFtlType(& TYPE_INFO)
    );
}
