---
source: crates/es-fluent-derive/src/macros/derive_es_fluent/mod.rs
expression: tokens
---
impl ::es_fluent::FluentMessage for Languages {
    fn to_fluent_string_with(
        &self,
        localize: &mut dyn for<'__es_fluent_message> FnMut(
            &str,
            &str,
            Option<
                &::std::collections::HashMap<
                    &str,
                    ::es_fluent::FluentValue<'__es_fluent_message>,
                >,
            >,
        ) -> String,
    ) -> String {
        match self {
            Self::En => localize("es-fluent-lang", "es-fluent-lang-en", None),
        }
    }
}
#[doc(hidden)]
#[allow(non_snake_case)]
mod __es_fluent_inventory_Languages {
    use super::*;
    static VARIANTS: &[::es_fluent::registry::FtlVariant] = &[
        ::es_fluent::registry::FtlVariant {
            name: "En",
            ftl_key: "es-fluent-lang-en",
            args: &[],
            module_path: module_path!(),
            line: line!(),
        },
    ];
    static TYPE_INFO: ::es_fluent::registry::FtlTypeInfo = ::es_fluent::registry::FtlTypeInfo {
        type_kind: ::es_fluent::meta::TypeKind::Enum,
        type_name: "Languages",
        variants: VARIANTS,
        file_path: file!(),
        module_path: module_path!(),
        namespace: None,
    };
    ::es_fluent::__inventory::submit!(
        ::es_fluent::registry::RegisteredFtlType(& TYPE_INFO)
    );
}
