---
source: crates/es-fluent-derive/src/macros/derive_es_fluent/mod.rs
assertion_line: 139
expression: struct_tokens
---
impl ::es_fluent::FluentMessage for User {
    fn to_fluent_string_with(
        &self,
        localize: &mut dyn for<'__es_fluent_message> FnMut(
            &str,
            &str,
            Option<
                &::std::collections::HashMap<
                    &str,
                    ::es_fluent::FluentValue<'__es_fluent_message>,
                >,
            >,
        ) -> String,
    ) -> String {
        {
            let mut args = ::std::collections::HashMap::new();
            {
                use ::es_fluent::__private::IntoFluentArgumentValue as _;
                args.insert(
                    "id",
                    ::es_fluent::__private::FluentArgumentValue::new((self.id).clone())
                        .into_fluent_argument_value(localize),
                );
            }
            localize(env!("CARGO_PKG_NAME"), "user", Some(&args))
        }
    }
}
#[doc(hidden)]
mod __es_fluent_inventory_user {
    use super::*;
    static VARIANTS: &[::es_fluent::registry::FtlVariant] = &[
        ::es_fluent::registry::FtlVariant {
            name: "User",
            ftl_key: "user",
            args: &["id"],
            module_path: module_path!(),
            line: line!(),
        },
    ];
    static TYPE_INFO: ::es_fluent::registry::FtlTypeInfo = ::es_fluent::registry::FtlTypeInfo {
        type_kind: ::es_fluent::meta::TypeKind::Struct,
        type_name: "User",
        variants: VARIANTS,
        file_path: file!(),
        module_path: module_path!(),
        namespace: None,
    };
    ::es_fluent::__inventory::submit!(
        ::es_fluent::registry::RegisteredFtlType(& TYPE_INFO)
    );
}
