---
source: crates/es-fluent-derive/src/macros/derive_es_fluent/mod.rs
assertion_line: 131
expression: enum_tokens
---
impl ::es_fluent::FluentMessage for Status {
    fn to_fluent_string_with(
        &self,
        localize: &mut dyn for<'__es_fluent_message> FnMut(
            &str,
            &str,
            Option<
                &::std::collections::HashMap<
                    &str,
                    ::es_fluent::FluentValue<'__es_fluent_message>,
                >,
            >,
        ) -> String,
    ) -> String {
        match self {
            Self::Ready => localize(env!("CARGO_PKG_NAME"), "status-Ready", None),
        }
    }
}
#[doc(hidden)]
mod __es_fluent_inventory_status {
    use super::*;
    static VARIANTS: &[::es_fluent::registry::FtlVariant] = &[
        ::es_fluent::registry::FtlVariant {
            name: "Ready",
            ftl_key: "status-Ready",
            args: &[],
            module_path: module_path!(),
            line: line!(),
        },
    ];
    static TYPE_INFO: ::es_fluent::registry::FtlTypeInfo = ::es_fluent::registry::FtlTypeInfo {
        type_kind: ::es_fluent::meta::TypeKind::Enum,
        type_name: "Status",
        variants: VARIANTS,
        file_path: file!(),
        module_path: module_path!(),
        namespace: None,
    };
    ::es_fluent::__inventory::submit!(
        ::es_fluent::registry::RegisteredFtlType(& TYPE_INFO)
    );
}
