---
source: crates/es-fluent-derive/src/macros/derive_es_fluent/mod.rs
assertion_line: 316
expression: tokens
---
impl ::es_fluent::FluentMessage for LoginError {
    fn to_fluent_string_with(
        &self,
        localize: &mut dyn for<'__es_fluent_message> FnMut(
            ::es_fluent::registry::StaticFluentDomain,
            ::es_fluent::registry::StaticFluentEntryId,
            Option<&::es_fluent::FluentArgs<'__es_fluent_message>>,
        ) -> String,
    ) -> String {
        match self {
            Self::Something(_, _) => {
                localize(
                    ::es_fluent::registry::StaticFluentDomain::from_package_name(
                        env!("CARGO_PKG_NAME"),
                    ),
                    ::es_fluent::registry::__macro::static_entry_id(
                        "login_error-Something",
                    ),
                    None,
                )
            }
        }
    }
}
#[doc(hidden)]
#[allow(non_snake_case)]
mod __es_fluent_inventory_LoginError {
    use super::*;
    static VARIANTS: &[::es_fluent::registry::FtlVariant] = &[
        ::es_fluent::registry::__macro::ftl_variant(
            "Something",
            ::es_fluent::registry::__macro::static_entry_id("login_error-Something"),
            &[],
            module_path!(),
            line!(),
        ),
    ];
    static TYPE_INFO: ::es_fluent::registry::FtlTypeInfo = ::es_fluent::registry::__macro::ftl_type_info(
        ::es_fluent::meta::TypeKind::Enum,
        "LoginError",
        VARIANTS,
        file!(),
        module_path!(),
        None,
    );
    ::es_fluent::__inventory::submit!(
        ::es_fluent::registry::RegisteredFtlType(& TYPE_INFO)
    );
}
