---
source: crates/es-fluent-derive/src/macros/derive_es_fluent/mod.rs
assertion_line: 237
expression: tokens
---
impl ::es_fluent::FluentDisplay for LoginError {
    fn fluent_fmt(&self, f: &mut ::std::fmt::Formatter<'_>) -> ::std::fmt::Result {
        match self {
            Self::Something(f0) => {
                let mut args = ::std::collections::HashMap::new();
                args.insert("value", ::std::convert::Into::into((f0).clone()));
                write!(
                    f, "{}", ::es_fluent::localize_in_domain(env!("CARGO_PKG_NAME"),
                    "login_error-Something", Some(& args),)
                )
            }
        }
    }
}
impl ::es_fluent::FluentMessage for LoginError {
    fn to_fluent_string_with(
        &self,
        localize: &mut dyn for<'__es_fluent_message> FnMut(
            &str,
            &str,
            Option<
                &::std::collections::HashMap<
                    &str,
                    ::es_fluent::FluentValue<'__es_fluent_message>,
                >,
            >,
        ) -> String,
    ) -> String {
        match self {
            Self::Something(f0) => {
                let mut args = ::std::collections::HashMap::new();
                {
                    use ::es_fluent::__private::IntoFluentArgumentValue as _;
                    args.insert(
                        "value",
                        ::es_fluent::__private::FluentArgumentValue::new((f0).clone())
                            .into_fluent_argument_value(localize),
                    );
                }
                localize(env!("CARGO_PKG_NAME"), "login_error-Something", Some(&args))
            }
        }
    }
}
#[doc(hidden)]
mod __es_fluent_inventory_login_error {
    use super::*;
    static VARIANTS: &[::es_fluent::registry::FtlVariant] = &[
        ::es_fluent::registry::FtlVariant {
            name: "Something",
            ftl_key: "login_error-Something",
            args: &["value"],
            module_path: module_path!(),
            line: line!(),
        },
    ];
    static TYPE_INFO: ::es_fluent::registry::FtlTypeInfo = ::es_fluent::registry::FtlTypeInfo {
        type_kind: ::es_fluent::meta::TypeKind::Enum,
        type_name: "LoginError",
        variants: VARIANTS,
        file_path: file!(),
        module_path: module_path!(),
        namespace: None,
    };
    ::es_fluent::__inventory::submit!(
        ::es_fluent::registry::RegisteredFtlType(& TYPE_INFO)
    );
}
impl From<&LoginError> for ::es_fluent::FluentValue<'_> {
    fn from(value: &LoginError) -> Self {
        use ::es_fluent::ToFluentString as _;
        value.to_fluent_string().into()
    }
}
impl From<LoginError> for ::es_fluent::FluentValue<'_> {
    fn from(value: LoginError) -> Self {
        (&value).into()
    }
}
