---
source: crates/es-fluent-derive/src/macros/derive_es_fluent/mod.rs
expression: tokens
---
impl ::es_fluent::FluentMessage for Languages {
    fn to_fluent_string_with(
        &self,
        localize: &mut dyn for<'__es_fluent_message> FnMut(
            ::es_fluent::registry::StaticFluentDomain,
            ::es_fluent::registry::StaticFluentEntryId,
            Option<&::es_fluent::FluentArgs<'__es_fluent_message>>,
        ) -> String,
    ) -> String {
        match self {
            Self::En => {
                localize(
                    ::es_fluent::registry::StaticFluentDomain::new_unchecked(
                        "es-fluent-lang",
                    ),
                    ::es_fluent::registry::StaticFluentEntryId::new_unchecked(
                        "es-fluent-lang-en",
                    ),
                    None,
                )
            }
        }
    }
}
#[doc(hidden)]
#[allow(non_snake_case)]
mod __es_fluent_inventory_Languages {
    use super::*;
    static VARIANTS: &[::es_fluent::registry::FtlVariant] = &[
        ::es_fluent::registry::__macro::ftl_variant(
            "En",
            ::es_fluent::registry::StaticFluentEntryId::new_unchecked(
                "es-fluent-lang-en",
            ),
            &[],
            module_path!(),
            line!(),
        ),
    ];
    static TYPE_INFO: ::es_fluent::registry::FtlTypeInfo = ::es_fluent::registry::__macro::ftl_type_info(
        ::es_fluent::meta::TypeKind::Enum,
        "Languages",
        VARIANTS,
        file!(),
        module_path!(),
        None,
    );
    ::es_fluent::__inventory::submit!(
        ::es_fluent::registry::RegisteredFtlType(& TYPE_INFO)
    );
}
