---
source: crates/es-fluent-derive/src/macros/derive_es_fluent/mod.rs
assertion_line: 223
expression: enum_tokens
---
compile_error!(
    "Attribute error in message enum container: `#[fluent(namespace = ...)]` has the wrong value shape for key `namespace` in message enum container `BadEnum`\nhelp: use a namespace rule, for example `namespace = \"ui\"` or `namespace = file`"
);
