---
source: crates/es-fluent-derive/src/macros/derive_es_fluent_variants/mod.rs
expression: tokens
---
impl ::es_fluent::__private::EsFluentVariantsLabelWasDerived for Status {}
///Variants of [`Status`].
pub enum StatusVariants {
    ///The `Ready` variant of [`Status`].
    Ready,
    ///The `Failed` variant of [`Status`].
    Failed,
}
impl ::es_fluent::FluentMessage for StatusVariants {
    fn to_fluent_string_with(
        &self,
        localize: &mut dyn for<'__es_fluent_message> FnMut(
            ::es_fluent::registry::StaticFluentDomain,
            ::es_fluent::registry::StaticFluentEntryId,
            Option<&::es_fluent::FluentArgs<'__es_fluent_message>>,
        ) -> String,
    ) -> String {
        match self {
            Self::Ready => {
                localize(
                    ::es_fluent::registry::StaticFluentDomain::from_package_name(
                        env!("CARGO_PKG_NAME"),
                    ),
                    ::es_fluent::registry::__macro::static_entry_id(
                        "status_variants-Ready",
                    ),
                    None,
                )
            }
            Self::Failed => {
                localize(
                    ::es_fluent::registry::StaticFluentDomain::from_package_name(
                        env!("CARGO_PKG_NAME"),
                    ),
                    ::es_fluent::registry::__macro::static_entry_id(
                        "status_variants-Failed",
                    ),
                    None,
                )
            }
        }
    }
}
#[doc(hidden)]
#[allow(non_snake_case)]
mod __es_fluent_inventory_StatusVariants {
    use super::*;
    static VARIANTS: &[::es_fluent::registry::FtlVariant] = &[
        ::es_fluent::registry::__macro::ftl_variant(
            "Ready",
            ::es_fluent::registry::__macro::static_entry_id("status_variants-Ready"),
            &[],
            module_path!(),
            line!(),
        ),
        ::es_fluent::registry::__macro::ftl_variant(
            "Failed",
            ::es_fluent::registry::__macro::static_entry_id("status_variants-Failed"),
            &[],
            module_path!(),
            line!(),
        ),
    ];
    static TYPE_INFO: ::es_fluent::registry::FtlTypeInfo = ::es_fluent::registry::__macro::ftl_type_info(
        ::es_fluent::meta::TypeKind::Enum,
        "StatusVariants",
        VARIANTS,
        file!(),
        module_path!(),
        Some(::es_fluent::registry::__macro::namespace_literal("ui")),
    );
    ::es_fluent::__inventory::submit!(
        ::es_fluent::registry::RegisteredFtlType(& TYPE_INFO)
    );
}
#[doc(hidden)]
#[allow(non_snake_case)]
mod __es_fluent_label_inventory_StatusVariants {
    use super::*;
    static VARIANTS: &[::es_fluent::registry::FtlVariant] = &[
        ::es_fluent::registry::__macro::ftl_variant(
            "StatusVariants",
            ::es_fluent::registry::__macro::static_entry_id("status_variants_label"),
            &[],
            module_path!(),
            line!(),
        ),
    ];
    static TYPE_INFO: ::es_fluent::registry::FtlTypeInfo = ::es_fluent::registry::__macro::ftl_type_info(
        ::es_fluent::meta::TypeKind::Enum,
        "StatusVariants",
        VARIANTS,
        file!(),
        module_path!(),
        Some(::es_fluent::registry::__macro::namespace_literal("ui")),
    );
    ::es_fluent::__inventory::submit!(
        ::es_fluent::registry::RegisteredFtlType(& TYPE_INFO)
    );
}
impl ::es_fluent::FluentLabel for StatusVariants {
    fn localize_label<__EsFluentLocalizer: ::es_fluent::FluentLocalizer + ?Sized>(
        localizer: &__EsFluentLocalizer,
    ) -> String {
        ::es_fluent::__private::localize_label(
            localizer,
            (::es_fluent::registry::StaticFluentDomain::from_package_name(
                env!("CARGO_PKG_NAME"),
            ))
                .as_str(),
            "status_variants_label",
        )
    }
}
