---
source: crates/es-fluent-derive/src/macros/derive_es_fluent_variants/mod.rs
expression: tokens
---
///`label` variants of [`LoginForm`].
#[derive(Debug)]
pub enum LoginFormLabelVariants {
    ///The `username` `label` variant of [`LoginForm`].
    Username,
    ///The `password` `label` variant of [`LoginForm`].
    Password,
}
impl ::es_fluent::FluentMessage for LoginFormLabelVariants {
    fn to_fluent_string_with(
        &self,
        localize: &mut dyn for<'__es_fluent_message> FnMut(
            &str,
            &str,
            Option<
                &::std::collections::HashMap<
                    &str,
                    ::es_fluent::FluentValue<'__es_fluent_message>,
                >,
            >,
        ) -> String,
    ) -> String {
        match self {
            Self::Username => {
                localize(
                    env!("CARGO_PKG_NAME"),
                    "login_form_label_variants-username",
                    None,
                )
            }
            Self::Password => {
                localize(
                    env!("CARGO_PKG_NAME"),
                    "login_form_label_variants-password",
                    None,
                )
            }
        }
    }
}
#[doc(hidden)]
#[allow(non_snake_case)]
mod __es_fluent_inventory_LoginFormLabelVariants {
    use super::*;
    static VARIANTS: &[::es_fluent::registry::FtlVariant] = &[
        ::es_fluent::registry::FtlVariant {
            name: "Username",
            ftl_key: "login_form_label_variants-username",
            args: &[],
            module_path: module_path!(),
            line: line!(),
        },
        ::es_fluent::registry::FtlVariant {
            name: "Password",
            ftl_key: "login_form_label_variants-password",
            args: &[],
            module_path: module_path!(),
            line: line!(),
        },
    ];
    static TYPE_INFO: ::es_fluent::registry::FtlTypeInfo = ::es_fluent::registry::FtlTypeInfo {
        type_kind: ::es_fluent::meta::TypeKind::Enum,
        type_name: "LoginFormLabelVariants",
        variants: VARIANTS,
        file_path: file!(),
        module_path: module_path!(),
        namespace: Some(
            ::es_fluent::registry::NamespaceRule::Literal(
                ::std::borrow::Cow::Borrowed("ui"),
            ),
        ),
    };
    ::es_fluent::__inventory::submit!(
        ::es_fluent::registry::RegisteredFtlType(& TYPE_INFO)
    );
}
///`placeholder` variants of [`LoginForm`].
#[derive(Debug)]
pub enum LoginFormPlaceholderVariants {
    ///The `username` `placeholder` variant of [`LoginForm`].
    Username,
    ///The `password` `placeholder` variant of [`LoginForm`].
    Password,
}
impl ::es_fluent::FluentMessage for LoginFormPlaceholderVariants {
    fn to_fluent_string_with(
        &self,
        localize: &mut dyn for<'__es_fluent_message> FnMut(
            &str,
            &str,
            Option<
                &::std::collections::HashMap<
                    &str,
                    ::es_fluent::FluentValue<'__es_fluent_message>,
                >,
            >,
        ) -> String,
    ) -> String {
        match self {
            Self::Username => {
                localize(
                    env!("CARGO_PKG_NAME"),
                    "login_form_placeholder_variants-username",
                    None,
                )
            }
            Self::Password => {
                localize(
                    env!("CARGO_PKG_NAME"),
                    "login_form_placeholder_variants-password",
                    None,
                )
            }
        }
    }
}
#[doc(hidden)]
#[allow(non_snake_case)]
mod __es_fluent_inventory_LoginFormPlaceholderVariants {
    use super::*;
    static VARIANTS: &[::es_fluent::registry::FtlVariant] = &[
        ::es_fluent::registry::FtlVariant {
            name: "Username",
            ftl_key: "login_form_placeholder_variants-username",
            args: &[],
            module_path: module_path!(),
            line: line!(),
        },
        ::es_fluent::registry::FtlVariant {
            name: "Password",
            ftl_key: "login_form_placeholder_variants-password",
            args: &[],
            module_path: module_path!(),
            line: line!(),
        },
    ];
    static TYPE_INFO: ::es_fluent::registry::FtlTypeInfo = ::es_fluent::registry::FtlTypeInfo {
        type_kind: ::es_fluent::meta::TypeKind::Enum,
        type_name: "LoginFormPlaceholderVariants",
        variants: VARIANTS,
        file_path: file!(),
        module_path: module_path!(),
        namespace: Some(
            ::es_fluent::registry::NamespaceRule::Literal(
                ::std::borrow::Cow::Borrowed("ui"),
            ),
        ),
    };
    ::es_fluent::__inventory::submit!(
        ::es_fluent::registry::RegisteredFtlType(& TYPE_INFO)
    );
}
