---
source: crates/es-fluent-derive/src/macros/derive_es_fluent_variants/mod.rs
assertion_line: 232
expression: tokens
---
///Variants of [`Status`].
pub enum StatusVariants {
    ///The `Ready` variant of [`Status`].
    Ready,
    ///The `Failed` variant of [`Status`].
    Failed,
}
impl ::es_fluent::FluentDisplay for StatusVariants {
    fn fluent_fmt(&self, f: &mut ::std::fmt::Formatter<'_>) -> ::std::fmt::Result {
        match self {
            Self::Ready => {
                write!(
                    f, "{}", ::es_fluent::localize_in_domain(env!("CARGO_PKG_NAME"),
                    "status_variants-Ready", None)
                )
            }
            Self::Failed => {
                write!(
                    f, "{}", ::es_fluent::localize_in_domain(env!("CARGO_PKG_NAME"),
                    "status_variants-Failed", None)
                )
            }
        }
    }
}
impl ::es_fluent::FluentMessage for StatusVariants {
    fn to_fluent_string_with(
        &self,
        localize: &mut dyn for<'__es_fluent_message> FnMut(
            &str,
            &str,
            Option<
                &::std::collections::HashMap<
                    &str,
                    ::es_fluent::FluentValue<'__es_fluent_message>,
                >,
            >,
        ) -> String,
    ) -> String {
        match self {
            Self::Ready => {
                localize(env!("CARGO_PKG_NAME"), "status_variants-Ready", None)
            }
            Self::Failed => {
                localize(env!("CARGO_PKG_NAME"), "status_variants-Failed", None)
            }
        }
    }
}
#[doc(hidden)]
mod __es_fluent_inventory_status_variants {
    use super::*;
    static VARIANTS: &[::es_fluent::registry::FtlVariant] = &[
        ::es_fluent::registry::FtlVariant {
            name: "Ready",
            ftl_key: "status_variants-Ready",
            args: &[],
            module_path: module_path!(),
            line: line!(),
        },
        ::es_fluent::registry::FtlVariant {
            name: "Failed",
            ftl_key: "status_variants-Failed",
            args: &[],
            module_path: module_path!(),
            line: line!(),
        },
    ];
    static TYPE_INFO: ::es_fluent::registry::FtlTypeInfo = ::es_fluent::registry::FtlTypeInfo {
        type_kind: ::es_fluent::meta::TypeKind::Enum,
        type_name: "StatusVariants",
        variants: VARIANTS,
        file_path: file!(),
        module_path: module_path!(),
        namespace: Some(
            ::es_fluent::registry::NamespaceRule::Literal(
                ::std::borrow::Cow::Borrowed("ui"),
            ),
        ),
    };
    ::es_fluent::__inventory::submit!(
        ::es_fluent::registry::RegisteredFtlType(& TYPE_INFO)
    );
}
impl ::es_fluent::ThisFtl for StatusVariants {
    fn this_ftl() -> String {
        ::es_fluent::localize_in_domain(
            env!("CARGO_PKG_NAME"),
            "status_variants_this",
            None,
        )
    }
}
#[doc(hidden)]
mod __es_fluent_this_inventory_status_variants {
    use super::*;
    static VARIANTS: &[::es_fluent::registry::FtlVariant] = &[
        ::es_fluent::registry::FtlVariant {
            name: "StatusVariants",
            ftl_key: "status_variants_this",
            args: &[],
            module_path: module_path!(),
            line: line!(),
        },
    ];
    static TYPE_INFO: ::es_fluent::registry::FtlTypeInfo = ::es_fluent::registry::FtlTypeInfo {
        type_kind: ::es_fluent::meta::TypeKind::Enum,
        type_name: "StatusVariants",
        variants: VARIANTS,
        file_path: file!(),
        module_path: module_path!(),
        namespace: Some(
            ::es_fluent::registry::NamespaceRule::Literal(
                ::std::borrow::Cow::Borrowed("ui"),
            ),
        ),
    };
    ::es_fluent::__inventory::submit!(
        ::es_fluent::registry::RegisteredFtlType(& TYPE_INFO)
    );
}
impl From<&StatusVariants> for ::es_fluent::FluentValue<'_> {
    fn from(value: &StatusVariants) -> Self {
        use ::es_fluent::ToFluentString as _;
        value.to_fluent_string().into()
    }
}
impl From<StatusVariants> for ::es_fluent::FluentValue<'_> {
    fn from(value: StatusVariants) -> Self {
        (&value).into()
    }
}
