---
source: crates/es-fluent-derive/src/macros/derive_es_fluent_variants/mod.rs
expression: tokens
---
///`label` variants of [`LoginForm`].
#[derive(Debug)]
pub enum LoginFormLabelVariants {
    ///The `username` `label` variant of [`LoginForm`].
    Username,
    ///The `password` `label` variant of [`LoginForm`].
    Password,
}
impl ::es_fluent::FluentMessage for LoginFormLabelVariants {
    fn to_fluent_string_with(
        &self,
        localize: &mut dyn for<'__es_fluent_message> FnMut(
            ::es_fluent::registry::StaticFluentDomain,
            ::es_fluent::registry::StaticFluentEntryId,
            Option<&::es_fluent::FluentArgs<'__es_fluent_message>>,
        ) -> String,
    ) -> String {
        match self {
            Self::Username => {
                localize(
                    ::es_fluent::registry::StaticFluentDomain::from_package_name(
                        env!("CARGO_PKG_NAME"),
                    ),
                    ::es_fluent::registry::StaticFluentEntryId::new_unchecked(
                        "login_form_label_variants-username",
                    ),
                    None,
                )
            }
            Self::Password => {
                localize(
                    ::es_fluent::registry::StaticFluentDomain::from_package_name(
                        env!("CARGO_PKG_NAME"),
                    ),
                    ::es_fluent::registry::StaticFluentEntryId::new_unchecked(
                        "login_form_label_variants-password",
                    ),
                    None,
                )
            }
        }
    }
}
#[doc(hidden)]
#[allow(non_snake_case)]
mod __es_fluent_inventory_LoginFormLabelVariants {
    use super::*;
    static VARIANTS: &[::es_fluent::registry::FtlVariant] = &[
        ::es_fluent::registry::__macro::ftl_variant(
            "Username",
            ::es_fluent::registry::StaticFluentEntryId::new_unchecked(
                "login_form_label_variants-username",
            ),
            &[],
            module_path!(),
            line!(),
        ),
        ::es_fluent::registry::__macro::ftl_variant(
            "Password",
            ::es_fluent::registry::StaticFluentEntryId::new_unchecked(
                "login_form_label_variants-password",
            ),
            &[],
            module_path!(),
            line!(),
        ),
    ];
    static TYPE_INFO: ::es_fluent::registry::FtlTypeInfo = ::es_fluent::registry::__macro::ftl_type_info(
        ::es_fluent::meta::TypeKind::Enum,
        "LoginFormLabelVariants",
        VARIANTS,
        file!(),
        module_path!(),
        Some(
            ::es_fluent::registry::NamespaceRule::Literal(
                ::std::borrow::Cow::Borrowed("ui"),
            ),
        ),
    );
    ::es_fluent::__inventory::submit!(
        ::es_fluent::registry::RegisteredFtlType(& TYPE_INFO)
    );
}
///`placeholder` variants of [`LoginForm`].
#[derive(Debug)]
pub enum LoginFormPlaceholderVariants {
    ///The `username` `placeholder` variant of [`LoginForm`].
    Username,
    ///The `password` `placeholder` variant of [`LoginForm`].
    Password,
}
impl ::es_fluent::FluentMessage for LoginFormPlaceholderVariants {
    fn to_fluent_string_with(
        &self,
        localize: &mut dyn for<'__es_fluent_message> FnMut(
            ::es_fluent::registry::StaticFluentDomain,
            ::es_fluent::registry::StaticFluentEntryId,
            Option<&::es_fluent::FluentArgs<'__es_fluent_message>>,
        ) -> String,
    ) -> String {
        match self {
            Self::Username => {
                localize(
                    ::es_fluent::registry::StaticFluentDomain::from_package_name(
                        env!("CARGO_PKG_NAME"),
                    ),
                    ::es_fluent::registry::StaticFluentEntryId::new_unchecked(
                        "login_form_placeholder_variants-username",
                    ),
                    None,
                )
            }
            Self::Password => {
                localize(
                    ::es_fluent::registry::StaticFluentDomain::from_package_name(
                        env!("CARGO_PKG_NAME"),
                    ),
                    ::es_fluent::registry::StaticFluentEntryId::new_unchecked(
                        "login_form_placeholder_variants-password",
                    ),
                    None,
                )
            }
        }
    }
}
#[doc(hidden)]
#[allow(non_snake_case)]
mod __es_fluent_inventory_LoginFormPlaceholderVariants {
    use super::*;
    static VARIANTS: &[::es_fluent::registry::FtlVariant] = &[
        ::es_fluent::registry::__macro::ftl_variant(
            "Username",
            ::es_fluent::registry::StaticFluentEntryId::new_unchecked(
                "login_form_placeholder_variants-username",
            ),
            &[],
            module_path!(),
            line!(),
        ),
        ::es_fluent::registry::__macro::ftl_variant(
            "Password",
            ::es_fluent::registry::StaticFluentEntryId::new_unchecked(
                "login_form_placeholder_variants-password",
            ),
            &[],
            module_path!(),
            line!(),
        ),
    ];
    static TYPE_INFO: ::es_fluent::registry::FtlTypeInfo = ::es_fluent::registry::__macro::ftl_type_info(
        ::es_fluent::meta::TypeKind::Enum,
        "LoginFormPlaceholderVariants",
        VARIANTS,
        file!(),
        module_path!(),
        Some(
            ::es_fluent::registry::NamespaceRule::Literal(
                ::std::borrow::Cow::Borrowed("ui"),
            ),
        ),
    );
    ::es_fluent::__inventory::submit!(
        ::es_fluent::registry::RegisteredFtlType(& TYPE_INFO)
    );
}
