---
source: crates/es-fluent-derive/src/macros/utils.rs
expression: tokens
---
impl ::es_fluent::FluentLabel for Languages {
    fn fluent_label_domain() -> ::es_fluent::registry::StaticFluentDomain {
        ::es_fluent::registry::__macro::static_domain("es-fluent-lang")
    }
    fn fluent_label_id() -> ::es_fluent::registry::StaticFluentEntryId {
        ::es_fluent::registry::__macro::static_entry_id("es-fluent-lang-label")
    }
}
