---
source: crates/es-fluent-derive/src/macros/utils.rs
assertion_line: 468
expression: tokens
---
impl ::es_fluent::FluentLabel for Languages {
    fn localize_label<__EsFluentLocalizer: ::es_fluent::FluentLocalizer + ?Sized>(
        localizer: &__EsFluentLocalizer,
    ) -> String {
        ::es_fluent::__private::localize_label(
            localizer,
            "es-fluent-lang",
            "es-fluent-lang-this",
        )
    }
}
