---
source: crates/es-fluent-derive/src/macros/utils.rs
assertion_line: 519
expression: tokens
---
impl ::es_fluent::FluentLabel for Languages {
    fn localize_label<__EsFluentLocalizer: ::es_fluent::FluentLocalizer + ?Sized>(
        localizer: &__EsFluentLocalizer,
    ) -> String {
        ::es_fluent::__private::localize_label(
            localizer,
            (::es_fluent::registry::__macro::static_domain("es-fluent-lang")).as_str(),
            "es-fluent-lang-label",
        )
    }
}
