---
source: crates/es-fluent-manager-macros/src/assets.rs
assertion_line: 406
expression: assets
---
I18nAssets {
    root_path: "<assets>",
    languages: [
        "en",
        "fr",
    ],
    namespaces: [
        "ui",
    ],
    resource_specs_by_language: [
        (
            "en",
            [
                ModuleResourceSpec {
                    key: ResourceKey(
                        "my-crate",
                    ),
                    locale_relative_path: LocaleRelativeFtlPath(
                        "my-crate.ftl",
                    ),
                    required: false,
                },
            ],
        ),
        (
            "fr",
            [
                ModuleResourceSpec {
                    key: ResourceKey(
                        "my-crate/ui",
                    ),
                    locale_relative_path: LocaleRelativeFtlPath(
                        "my-crate/ui.ftl",
                    ),
                    required: true,
                },
            ],
        ),
    ],
}
