---
source: crates/es-fluent-manager-macros/src/assets.rs
expression: assets
---
I18nAssets {
    root_path: "<assets>",
    languages: [
        "fr",
    ],
    namespaces: [
        "ui",
    ],
    resource_specs_by_language: [
        (
            "fr",
            [
                ResourceSpec {
                    key: "my-crate/ui",
                    locale_relative_path: "my-crate/ui.ftl",
                    required: true,
                },
            ],
        ),
    ],
}
