---
source: crates/es-fluent-derive/tests/options_parsing_tests.rs
expression: "&opts"
---
EnumOpts {
    ident: Ident(
        ApiError,
    ),
    generics: Generics {
        lt_token: None,
        params: [],
        gt_token: None,
        where_clause: None,
    },
    data: Enum(
        [
            VariantOpts {
                ident: Ident(
                    NotFound,
                ),
                fields: Fields {
                    style: Unit,
                    fields: [],
                    span: Some(
                        Span,
                    ),
                    __nonexhaustive: (),
                },
                skip: None,
                key: None,
            },
            VariantOpts {
                ident: Ident(
                    Unauthorized,
                ),
                fields: Fields {
                    style: Unit,
                    fields: [],
                    span: Some(
                        Span,
                    ),
                    __nonexhaustive: (),
                },
                skip: None,
                key: None,
            },
        ],
    ),
    attr_args: EnumFluentAttributeArgs {
        resource: None,
        skip_inventory: None,
        namespace: Some(
            Literal(
                "errors",
            ),
        ),
    },
}
