---
source: crates/es-fluent-core/tests/analysis_tests.rs
expression: "&infos"
---
[
  FtlTypeInfo(
    type_kind: Enum,
    type_name: "FruitKvFtl",
    variants: [
      FtlVariant(
        name: "name",
        ftl_key: FluentKey("fruit_kv_ftl-name"),
        args: [],
      ),
      FtlVariant(
        name: "color",
        ftl_key: FluentKey("fruit_kv_ftl-color"),
        args: [],
      ),
    ],
  ),
  FtlTypeInfo(
    type_kind: Enum,
    type_name: "Fruit",
    variants: [
      FtlVariant(
        name: "Fruit",
        ftl_key: FluentKey("fruit_this"),
        args: [],
      ),
    ],
  ),
]
