---
source: crates/es-fluent-core/tests/derive_attributes_tests.rs
expression: "&opts"
---
EnumOpts {
    ident: Ident(
        Status,
    ),
    generics: Generics {
        lt_token: None,
        params: [],
        gt_token: None,
        where_clause: None,
    },
    data: Enum(
        [
            VariantOpts {
                ident: Ident(
                    Ok,
                ),
                fields: Fields {
                    style: Unit,
                    fields: [],
                    span: Some(
                        Span,
                    ),
                    __nonexhaustive: (),
                },
                skip: None,
                key: None,
            },
            VariantOpts {
                ident: Ident(
                    Mixed,
                ),
                fields: Fields {
                    style: Tuple,
                    fields: [
                        EnumFieldOpts {
                            ident: None,
                            ty: Type::Path {
                                qself: None,
                                path: Path {
                                    leading_colon: None,
                                    segments: [
                                        PathSegment {
                                            ident: Ident(
                                                Severity,
                                            ),
                                            arguments: PathArguments::None,
                                        },
                                    ],
                                },
                            },
                            skip: None,
                            choice: Some(
                                true,
                            ),
                        },
                        EnumFieldOpts {
                            ident: None,
                            ty: Type::Path {
                                qself: None,
                                path: Path {
                                    leading_colon: None,
                                    segments: [
                                        PathSegment {
                                            ident: Ident(
                                                i32,
                                            ),
                                            arguments: PathArguments::None,
                                        },
                                    ],
                                },
                            },
                            skip: Some(
                                true,
                            ),
                            choice: None,
                        },
                    ],
                    span: Some(
                        Span,
                    ),
                    __nonexhaustive: (),
                },
                skip: None,
                key: None,
            },
            VariantOpts {
                ident: Ident(
                    Info,
                ),
                fields: Fields {
                    style: Struct,
                    fields: [
                        EnumFieldOpts {
                            ident: Some(
                                Ident(
                                    level,
                                ),
                            ),
                            ty: Type::Path {
                                qself: None,
                                path: Path {
                                    leading_colon: None,
                                    segments: [
                                        PathSegment {
                                            ident: Ident(
                                                Severity,
                                            ),
                                            arguments: PathArguments::None,
                                        },
                                    ],
                                },
                            },
                            skip: None,
                            choice: Some(
                                true,
                            ),
                        },
                        EnumFieldOpts {
                            ident: Some(
                                Ident(
                                    message,
                                ),
                            ),
                            ty: Type::Path {
                                qself: None,
                                path: Path {
                                    leading_colon: None,
                                    segments: [
                                        PathSegment {
                                            ident: Ident(
                                                String,
                                            ),
                                            arguments: PathArguments::None,
                                        },
                                    ],
                                },
                            },
                            skip: None,
                            choice: None,
                        },
                    ],
                    span: Some(
                        Span,
                    ),
                    __nonexhaustive: (),
                },
                skip: None,
                key: None,
            },
        ],
    ),
    attr_args: EnumFluentAttributeArgs {
        resource: None,
    },
}
