---
source: crates/es-fluent-core/tests/enum_kv_tests.rs
expression: "&infos"
---
[
  FtlTypeInfo(
    type_kind: Enum,
    type_name: "CountryLabelKvFtl",
    variants: [
      FtlVariant(
        name: "USA",
        ftl_key: FluentKey("country_label_kv_ftl-USA"),
        args: [],
      ),
      FtlVariant(
        name: "Canada",
        ftl_key: FluentKey("country_label_kv_ftl-Canada"),
        args: [],
      ),
    ],
    file_path: None,
  ),
]
