---
source: crates/es-fluent-core/tests/struct_keys_tests.rs
expression: "&infos"
---
[
  FtlTypeInfo(
    type_kind: Enum,
    type_name: "MyStructErrorFtl",
    variants: [
      FtlVariant(
        name: "first",
        ftl_key: FluentKey("my_struct_error_ftl-first"),
        args: [],
      ),
      FtlVariant(
        name: "second",
        ftl_key: FluentKey("my_struct_error_ftl-second"),
        args: [],
      ),
      FtlVariant(
        name: "third",
        ftl_key: FluentKey("my_struct_error_ftl-third"),
        args: [],
      ),
    ],
  ),
  FtlTypeInfo(
    type_kind: Enum,
    type_name: "MyStructNoticeFtl",
    variants: [
      FtlVariant(
        name: "first",
        ftl_key: FluentKey("my_struct_notice_ftl-first"),
        args: [],
      ),
      FtlVariant(
        name: "second",
        ftl_key: FluentKey("my_struct_notice_ftl-second"),
        args: [],
      ),
      FtlVariant(
        name: "third",
        ftl_key: FluentKey("my_struct_notice_ftl-third"),
        args: [],
      ),
    ],
  ),
  FtlTypeInfo(
    type_kind: Enum,
    type_name: "MyStructWarningFtl",
    variants: [
      FtlVariant(
        name: "first",
        ftl_key: FluentKey("my_struct_warning_ftl-first"),
        args: [],
      ),
      FtlVariant(
        name: "second",
        ftl_key: FluentKey("my_struct_warning_ftl-second"),
        args: [],
      ),
      FtlVariant(
        name: "third",
        ftl_key: FluentKey("my_struct_warning_ftl-third"),
        args: [],
      ),
    ],
  ),
]
