---
source: crates/es-fluent-core/tests/struct_kv_tests.rs
expression: "&infos"
---
[
  FtlTypeInfo(
    type_kind: Enum,
    type_name: "UserLabelKvFtl",
    variants: [
      FtlVariant(
        name: "name",
        ftl_key: FluentKey("user_label_kv_ftl-name"),
        args: [],
      ),
      FtlVariant(
        name: "age",
        ftl_key: FluentKey("user_label_kv_ftl-age"),
        args: [],
      ),
    ],
    file_path: None,
  ),
  FtlTypeInfo(
    type_kind: Enum,
    type_name: "UserDescriptionKvFtl",
    variants: [
      FtlVariant(
        name: "name",
        ftl_key: FluentKey("user_description_kv_ftl-name"),
        args: [],
      ),
      FtlVariant(
        name: "age",
        ftl_key: FluentKey("user_description_kv_ftl-age"),
        args: [],
      ),
    ],
    file_path: None,
  ),
]
