---
source: crates/es-fluent-core/tests/struct_keys_this_more_fields_tests.rs
expression: "&infos"
---
[
  FtlTypeInfo(
    type_kind: Enum,
    type_name: "MyStructErrorKvFtl",
    variants: [
      FtlVariant(
        name: "first",
        ftl_key: FluentKey("my_struct_error_kv_ftl-first"),
        args: [],
      ),
      FtlVariant(
        name: "second",
        ftl_key: FluentKey("my_struct_error_kv_ftl-second"),
        args: [],
      ),
      FtlVariant(
        name: "third",
        ftl_key: FluentKey("my_struct_error_kv_ftl-third"),
        args: [],
      ),
    ],
    file_path: None,
  ),
  FtlTypeInfo(
    type_kind: Enum,
    type_name: "MyStructNoticeKvFtl",
    variants: [
      FtlVariant(
        name: "first",
        ftl_key: FluentKey("my_struct_notice_kv_ftl-first"),
        args: [],
      ),
      FtlVariant(
        name: "second",
        ftl_key: FluentKey("my_struct_notice_kv_ftl-second"),
        args: [],
      ),
      FtlVariant(
        name: "third",
        ftl_key: FluentKey("my_struct_notice_kv_ftl-third"),
        args: [],
      ),
    ],
    file_path: None,
  ),
  FtlTypeInfo(
    type_kind: Enum,
    type_name: "MyStructWarningKvFtl",
    variants: [
      FtlVariant(
        name: "first",
        ftl_key: FluentKey("my_struct_warning_kv_ftl-first"),
        args: [],
      ),
      FtlVariant(
        name: "second",
        ftl_key: FluentKey("my_struct_warning_kv_ftl-second"),
        args: [],
      ),
      FtlVariant(
        name: "third",
        ftl_key: FluentKey("my_struct_warning_kv_ftl-third"),
        args: [],
      ),
    ],
    file_path: None,
  ),
]
