---
source: crates/es-fluent-core/tests/struct_keys_this_more_fields_tests.rs
expression: "&infos"
---
[
  FtlTypeInfo(
    type_kind: Enum,
    type_name: "ProfilePrimaryKvFtl",
    variants: [
      FtlVariant(
        name: "id",
        ftl_key: FluentKey("profile_primary_kv_ftl-id"),
        args: [],
      ),
      FtlVariant(
        name: "username",
        ftl_key: FluentKey("profile_primary_kv_ftl-username"),
        args: [],
      ),
      FtlVariant(
        name: "email",
        ftl_key: FluentKey("profile_primary_kv_ftl-email"),
        args: [],
      ),
      FtlVariant(
        name: "active",
        ftl_key: FluentKey("profile_primary_kv_ftl-active"),
        args: [],
      ),
    ],
  ),
  FtlTypeInfo(
    type_kind: Enum,
    type_name: "ProfileSecondaryKvFtl",
    variants: [
      FtlVariant(
        name: "id",
        ftl_key: FluentKey("profile_secondary_kv_ftl-id"),
        args: [],
      ),
      FtlVariant(
        name: "username",
        ftl_key: FluentKey("profile_secondary_kv_ftl-username"),
        args: [],
      ),
      FtlVariant(
        name: "email",
        ftl_key: FluentKey("profile_secondary_kv_ftl-email"),
        args: [],
      ),
      FtlVariant(
        name: "active",
        ftl_key: FluentKey("profile_secondary_kv_ftl-active"),
        args: [],
      ),
    ],
  ),
  FtlTypeInfo(
    type_kind: Enum,
    type_name: "Profile",
    variants: [
      FtlVariant(
        name: "Profile",
        ftl_key: FluentKey("profile_this"),
        args: [],
      ),
    ],
  ),
]
