---
source: crates/es-fluent-core/tests/struct_keys_this_more_fields_tests.rs
expression: "&infos"
---
[
  FtlTypeInfo(
    type_kind: Enum,
    type_name: "SystemConfigZedKvFtl",
    variants: [
      FtlVariant(
        name: "host",
        ftl_key: FluentKey("system_config_zed_kv_ftl-host"),
        args: [],
      ),
      FtlVariant(
        name: "port",
        ftl_key: FluentKey("system_config_zed_kv_ftl-port"),
        args: [],
      ),
      FtlVariant(
        name: "use_tls",
        ftl_key: FluentKey("system_config_zed_kv_ftl-use_tls"),
        args: [],
      ),
    ],
    file_path: None,
  ),
  FtlTypeInfo(
    type_kind: Enum,
    type_name: "SystemConfigAlphaKvFtl",
    variants: [
      FtlVariant(
        name: "host",
        ftl_key: FluentKey("system_config_alpha_kv_ftl-host"),
        args: [],
      ),
      FtlVariant(
        name: "port",
        ftl_key: FluentKey("system_config_alpha_kv_ftl-port"),
        args: [],
      ),
      FtlVariant(
        name: "use_tls",
        ftl_key: FluentKey("system_config_alpha_kv_ftl-use_tls"),
        args: [],
      ),
    ],
    file_path: None,
  ),
]
