---
source: crates/es-fluent-core/tests/unnamed_item_snapshot_tests.rs
expression: "&cases"
---
[
  (0, "f0", "f0"),
  (1, "f1", "f1"),
  (2, "f2", "f2"),
  (3, "f3", "f3"),
  (4, "f4", "f4"),
  (5, "f5", "f5"),
  (7, "f7", "f7"),
  (8, "f8", "f8"),
  (9, "f9", "f9"),
  (10, "f10", "f10"),
  (15, "f15", "f15"),
  (31, "f31", "f31"),
  (32, "f32", "f32"),
  (63, "f63", "f63"),
  (64, "f64", "f64"),
  (99, "f99", "f99"),
  (100, "f100", "f100"),
  (101, "f101", "f101"),
  (255, "f255", "f255"),
  (256, "f256", "f256"),
  (511, "f511", "f511"),
  (512, "f512", "f512"),
  (1023, "f1023", "f1023"),
  (1024, "f1024", "f1024"),
]
