---
source: crates/es-fluent-lang-macro/src/lib.rs
expression: pretty_tokens(&invalid_mode)
---
compile_error!(
    "Attribute error in language container: #[es_fluent_language(other)] is not accepted\nhelp: use #[es_fluent_language] for builtin mode or #[es_fluent_language(custom)] for custom mode"
);
