---
source: crates/es-fluent-lang-macro/src/lib.rs
expression: pretty_tokens(&custom_mode)
---
enum CustomLanguages {
    En,
    FrFr,
    ZhCn,
}
impl ::es_fluent::FluentMessage for CustomLanguages {
    fn to_fluent_string_with(
        &self,
        localize: &mut dyn for<'__es_fluent_message> FnMut(
            &str,
            &str,
            Option<
                &::std::collections::HashMap<
                    &str,
                    ::es_fluent::FluentValue<'__es_fluent_message>,
                >,
            >,
        ) -> String,
    ) -> String {
        match self {
            Self::En => localize(env!("CARGO_PKG_NAME"), "en", None),
            Self::FrFr => localize(env!("CARGO_PKG_NAME"), "fr-FR", None),
            Self::ZhCn => localize(env!("CARGO_PKG_NAME"), "zh-CN", None),
        }
    }
}
#[doc(hidden)]
#[allow(non_snake_case)]
mod __es_fluent_language_inventory_custom_languages {
    use super::*;
    static VARIANTS: &[::es_fluent::registry::FtlVariant] = &[
        ::es_fluent::registry::FtlVariant {
            name: "En",
            ftl_key: "en",
            args: &[],
            module_path: module_path!(),
            line: line!(),
        },
        ::es_fluent::registry::FtlVariant {
            name: "FrFr",
            ftl_key: "fr-FR",
            args: &[],
            module_path: module_path!(),
            line: line!(),
        },
        ::es_fluent::registry::FtlVariant {
            name: "ZhCn",
            ftl_key: "zh-CN",
            args: &[],
            module_path: module_path!(),
            line: line!(),
        },
    ];
    static TYPE_INFO: ::es_fluent::registry::FtlTypeInfo = ::es_fluent::registry::FtlTypeInfo {
        type_kind: ::es_fluent::meta::TypeKind::Enum,
        type_name: "CustomLanguages",
        variants: VARIANTS,
        file_path: file!(),
        module_path: module_path!(),
        namespace: None,
    };
    ::es_fluent::__inventory::submit!(
        ::es_fluent::registry::RegisteredFtlType(& TYPE_INFO)
    );
}
impl From<CustomLanguages> for es_fluent::unic_langid::LanguageIdentifier {
    fn from(val: CustomLanguages) -> Self {
        match val {
            CustomLanguages::En => es_fluent::unic_langid::langid!("en"),
            CustomLanguages::FrFr => es_fluent::unic_langid::langid!("fr-FR"),
            CustomLanguages::ZhCn => es_fluent::unic_langid::langid!("zh-CN"),
        }
    }
}
impl From<&CustomLanguages> for es_fluent::unic_langid::LanguageIdentifier {
    fn from(val: &CustomLanguages) -> Self {
        match val {
            CustomLanguages::En => es_fluent::unic_langid::langid!("en"),
            CustomLanguages::FrFr => es_fluent::unic_langid::langid!("fr-FR"),
            CustomLanguages::ZhCn => es_fluent::unic_langid::langid!("zh-CN"),
        }
    }
}
#[derive(Debug)]
pub enum CustomLanguagesLanguageConversionError {
    InvalidLanguageIdentifier {
        input: String,
        source: es_fluent::unic_langid::LanguageIdentifierError,
    },
    UnsupportedLanguageIdentifier(es_fluent::unic_langid::LanguageIdentifier),
}
impl ::std::fmt::Display for CustomLanguagesLanguageConversionError {
    fn fmt(&self, f: &mut ::std::fmt::Formatter<'_>) -> ::std::fmt::Result {
        match self {
            Self::InvalidLanguageIdentifier { input, source } => {
                write!(f, "invalid language identifier '{input}': {source}")
            }
            Self::UnsupportedLanguageIdentifier(lang) => {
                write!(f, "unsupported language identifier: {lang}")
            }
        }
    }
}
impl ::std::error::Error for CustomLanguagesLanguageConversionError {
    fn source(&self) -> Option<&(dyn ::std::error::Error + 'static)> {
        match self {
            Self::InvalidLanguageIdentifier { source, .. } => Some(source),
            Self::UnsupportedLanguageIdentifier(_) => None,
        }
    }
}
impl ::std::convert::TryFrom<&es_fluent::unic_langid::LanguageIdentifier>
for CustomLanguages {
    type Error = CustomLanguagesLanguageConversionError;
    fn try_from(
        lang: &es_fluent::unic_langid::LanguageIdentifier,
    ) -> Result<Self, Self::Error> {
        let lang_str = lang.to_string();
        match lang_str.as_str() {
            "en" => Ok(CustomLanguages::En),
            "fr-FR" => Ok(CustomLanguages::FrFr),
            "zh-CN" => Ok(CustomLanguages::ZhCn),
            _ => {
                Err(
                    CustomLanguagesLanguageConversionError::UnsupportedLanguageIdentifier(
                        lang.clone(),
                    ),
                )
            }
        }
    }
}
impl ::std::convert::TryFrom<es_fluent::unic_langid::LanguageIdentifier>
for CustomLanguages {
    type Error = CustomLanguagesLanguageConversionError;
    fn try_from(
        lang: es_fluent::unic_langid::LanguageIdentifier,
    ) -> Result<Self, Self::Error> {
        Self::try_from(&lang)
    }
}
impl ::std::str::FromStr for CustomLanguages {
    type Err = CustomLanguagesLanguageConversionError;
    fn from_str(s: &str) -> Result<Self, Self::Err> {
        let lang = s
            .parse::<es_fluent::unic_langid::LanguageIdentifier>()
            .map_err(|source| {
                CustomLanguagesLanguageConversionError::InvalidLanguageIdentifier {
                    input: s.to_string(),
                    source,
                }
            })?;
        Self::try_from(&lang)
    }
}
impl Default for CustomLanguages {
    fn default() -> Self {
        CustomLanguages::En
    }
}
