---
source: crates/es-fluent-derive/src/macros/derive_es_fluent_label/mod.rs
assertion_line: 106
expression: tokens
---
impl ::es_fluent::FluentLabel for LoginForm {
    fn localize_label<__EsFluentLocalizer: ::es_fluent::FluentLocalizer + ?Sized>(
        localizer: &__EsFluentLocalizer,
    ) -> String {
        ::es_fluent::__private::localize_label(
            localizer,
            env!("CARGO_PKG_NAME"),
            "login_form_label",
        )
    }
}
#[doc(hidden)]
mod __es_fluent_label_inventory_login_form {
    use super::*;
    static VARIANTS: &[::es_fluent::registry::FtlVariant] = &[
        ::es_fluent::registry::FtlVariant {
            name: "LoginForm",
            ftl_key: "login_form_label",
            args: &[],
            module_path: module_path!(),
            line: line!(),
        },
    ];
    static TYPE_INFO: ::es_fluent::registry::FtlTypeInfo = ::es_fluent::registry::FtlTypeInfo {
        type_kind: ::es_fluent::meta::TypeKind::Struct,
        type_name: "LoginForm",
        variants: VARIANTS,
        file_path: file!(),
        module_path: module_path!(),
        namespace: Some(
            ::es_fluent::registry::NamespaceRule::Literal(
                ::std::borrow::Cow::Borrowed("ui"),
            ),
        ),
    };
    ::es_fluent::__inventory::submit!(
        ::es_fluent::registry::RegisteredFtlType(& TYPE_INFO)
    );
}
