---
source: crates/es-fluent-cli/tests/cli_tests.rs
assertion_line: 394
expression: run_check_test(&PACKAGE_CONFIG)
---
STDOUT:
Fluent FTL Checker
Discovered 1 crate(s)

STDERR:
Error: es_fluent::validate::report

  × validation found 1 error(s) and 0 warning(s)

Error: es_fluent::validate::missing_key

  × missing translation key
  help: Add translation for 'test-app-package.ftl-hello' in ]8;;file://[TEMP_DIR]/i18n/en/test-app-
        package.ftl\i18n/en/test-app-package.ftl]8;;\
