---
source: crates/es-fluent-cli/tests/cli_tests.rs
expression: output
---
STDOUT:
Fluent FTL Checker
Discovered 1 crate(s)

STDERR:
Error: es_fluent::validate::report

  × validation found 1 error(s) and 2 warning(s)

Error: es_fluent::validate::missing_key

  × missing translation key
  help: Add translation for 'status-Pending' in i18n/en/test-check-issues.ftl

Warning: es_fluent::validate::missing_variable

  ⚠ translation omits variable
   ╭─[]8;;file://[TEMP_DIR]/i18n/en/test-check-issues.ftl\i18n/en/test-check-issues.ftl]8;;\:1:1]
   ╰────
  help: Variable '$name' is declared at ]8;;file://[TEMP_DIR]/src/lib.rs\src/lib.rs:4]8;;\

Warning: es_fluent::validate::missing_variable

  ⚠ translation omits variable
   ╭─[]8;;file://[TEMP_DIR]/i18n/en/test-check-issues.ftl\i18n/en/test-check-issues.ftl]8;;\:1:1]
   ╰────
  help: Variable '$count' is declared at ]8;;file://[TEMP_DIR]/src/lib.rs\src/lib.rs:10]8;;\
