---
source: crates/es-fluent-cli/tests/cli_tests.rs
expression: output
---
STDOUT:
Fluent FTL Sync
Added 5 key(s) to es
  -> shared-Photos
  -> gender-Male
  -> gender-Female
  -> gender-Other
  -> new-key
Added 8 key(s) to fr
  -> z_last
  -> hello_a
  -> orphan_key
  -> shared-Photos
  -> gender-Male
  -> gender-Female
  -> gender-Other
  -> new-key
Added 1 key(s) to fr
  -> hello_b
Done: 14 key(s) synced to 3 locale(s)

STDERR:
