---
source: crates/es-fluent-cli/tests/cli_tests.rs
expression: output
---
STDOUT:
Fluent FTL Sync
Added 4 key(s) to es
  -> gender-Female
  -> gender-Male
  -> gender-Other
  -> shared-Photos
Added 1 key(s) to es
  -> ui_banner
Added 7 key(s) to fr
  -> orphan_key
  -> z_last
  -> gender-Female
  -> gender-Male
  -> gender-Other
  -> hello_a
  -> shared-Photos
Added 1 key(s) to fr
  -> ui_banner
Added 1 key(s) to fr
  -> hello_b
Done: 14 key(s) synced to 5 locale(s)

STDERR:
